<html>
<body>
<pre>
<h1>礦ision Build Log</h1>
<h2>Tool Versions:</h2>
IDE-Version: μVision V5.14.0.0
Copyright (C) 2015 ARM Ltd and ARM Germany GmbH. All rights reserved.
License Information: Chen Nan, Xi'an Jiaotong University, LIC=HF82Z-JA1V7-ZENH2-9KN6Y-AJNCQ-N1609
 
Tool Versions:
Toolchain:       MDK-ARM Professional  Version: 5.14.0.0
Toolchain Path:  C:\Keil_v5\ARM\ARMCC\Bin
C Compiler:      Armcc.exe V5.05 update 1 (build 106)
Assembler:       Armasm.exe V5.05 update 1 (build 106)
Linker/Locator:  ArmLink.exe V5.05 update 1 (build 106)
Library Manager: ArmAr.exe V5.05 update 1 (build 106)
Hex Converter:   FromElf.exe V5.05 update 1 (build 106)
CPU DLL:         SARMCM3.DLL V5.14.0.0
Dialog DLL:      DARMSTM.DLL V1.65.0.0
Target DLL:      CMSIS_AGDI.dll V1.21.0.0
Dialog DLL:        TARMSTM.DLL   
 
<h2>Project:</h2>
C:\Users\20190821\Desktop\第二组多足舞蹈机器人\多足舞蹈第二组Keil控制\USER\dance.uvprojx
Project File Date:  03/04/2021

<h2>Output:</h2>
Build target 'DANCE'
compiling US3.c...
linking...
Program Size: Code=15060 RO-data=336 RW-data=92 ZI-data=1668  
FromELF: creating hex file...
"..\OBJ\LED.axf" - 0 Error(s), 0 Warning(s).

<h2>Collection of Component include folders:</h2>
  C:\Users\20190821\Desktop\第二组多足舞蹈机器人\多足舞蹈第二组Keil控制\USER\RTE
  C:\Keil_v5\ARM\PACK\Keil\STM32F1xx_DFP\1.0.5\Device\Include

<h2>Collection of Component Files used:</h2>
</pre>
</body>
</html>
